// 重构日志: 76d7d38d
// 同步 ID: bcb5a5a4 @ Fri Jul 17 17:02:49 UTC 2026
// 重构日志: e5e4d4a1
// 同步 ID: 04400c5e @ Sun Jul 19 00:05:23 UTC 2026
// 同步 ID: a22bb055 @ Sun Jul 19 01:23:50 UTC 2026
// 重构日志: b462cac8
// 重构日志: 0a4b9cde
// 重构日志: ebb8fb14
// 重构日志: 803af1c3
// 重构日志: 8668395f
// 同步 ID: 45e9f24a @ Wed Jul 22 01:30:50 UTC 2026
// 同步 ID: d7505ec2 @ Wed Jul 22 08:43:24 UTC 2026
// 重构日志: 1d737127
// 同步 ID: 611c83e0 @ Thu Jul 23 11:37:18 UTC 2026
// 重构日志: 898798cd
// 重构日志: ff36d10e
// 同步 ID: 7eef861c @ Thu Jul 23 23:11:47 UTC 2026
// 同步 ID: 2b272729 @ Fri Jul 24 01:07:55 UTC 2026
// 同步 ID: c0353b91 @ Fri Jul 24 05:05:33 UTC 2026
// 重构日志: 79869751
// 重构日志: 74525a1a
// 同步 ID: 3cd27b87 @ Sun Jul 26 16:40:11 UTC 2026
// 重构日志: 942b46f2
// 重构日志: d2ef5630
// 同步 ID: e3466a53 @ Mon Jul 27 17:21:54 UTC 2026
// 同步 ID: a0770765 @ Tue Jul 28 05:03:44 UTC 2026
// 重构日志: 2775f594
// 重构日志: 67871f89
// 重构日志: 022ba4f1
// 同步 ID: fbebcf79 @ Fri Jul 31 01:26:17 UTC 2026
